2026-01-16 17:52:50 0 [Note] Starting MariaDB 10.4.32-MariaDB source revision c4143f909528e3fab0677a28631d10389354c491 as process 3304
2026-01-16 17:52:50 0 [Note] InnoDB: Mutexes and rw_locks use Windows interlocked functions
2026-01-16 17:52:50 0 [Note] InnoDB: Uses event mutexes
2026-01-16 17:52:50 0 [Note] InnoDB: Compressed tables use zlib 1.3
2026-01-16 17:52:50 0 [Note] InnoDB: Number of pools: 1
2026-01-16 17:52:50 0 [Note] InnoDB: Using SSE2 crc32 instructions
2026-01-16 17:52:50 0 [Note] InnoDB: Initializing buffer pool, total size = 16M, instances = 1, chunk size = 16M
2026-01-16 17:52:50 0 [Note] InnoDB: Completed initialization of buffer pool
2026-01-16 17:52:50 0 [Note] InnoDB: Starting crash recovery from checkpoint LSN=300288
2026-01-16 17:52:50 0 [Note] InnoDB: 128 out of 128 rollback segments are active.
2026-01-16 17:52:50 0 [Note] InnoDB: Removed temporary tablespace data file: "ibtmp1"
2026-01-16 17:52:50 0 [Note] InnoDB: Creating shared tablespace for temporary tables
2026-01-16 17:52:50 0 [Note] InnoDB: Setting file 'D:\xampp\mysql\data\ibtmp1' size to 12 MB. Physically writing the file full; Please wait ...
2026-01-16 17:52:50 0 [Note] InnoDB: File 'D:\xampp\mysql\data\ibtmp1' size is now 12 MB.
2026-01-16 17:52:50 0 [Note] InnoDB: Waiting for purge to start
2026-01-16 17:52:50 0 [Note] InnoDB: 10.4.32 started; log sequence number 300297; transaction id 170
2026-01-16 17:52:50 0 [Note] InnoDB: Loading buffer pool(s) from D:\xampp\mysql\data\ib_buffer_pool
2026-01-16 17:52:50 0 [Note] Plugin 'FEEDBACK' is disabled.
2026-01-16 17:52:50 0 [Note] Server socket created on IP: '::'.
2026-02-04  9:27:18 0 [Note] Starting MariaDB 10.4.32-MariaDB source revision c4143f909528e3fab0677a28631d10389354c491 as process 10064
2026-02-04  9:27:18 0 [Note] InnoDB: Mutexes and rw_locks use Windows interlocked functions
2026-02-04  9:27:18 0 [Note] InnoDB: Uses event mutexes
2026-02-04  9:27:18 0 [Note] InnoDB: Compressed tables use zlib 1.3
2026-02-04  9:27:18 0 [Note] InnoDB: Number of pools: 1
2026-02-04  9:27:18 0 [Note] InnoDB: Using SSE2 crc32 instructions
2026-02-04  9:27:18 0 [Note] InnoDB: Initializing buffer pool, total size = 16M, instances = 1, chunk size = 16M
2026-02-04  9:27:18 0 [Note] InnoDB: Completed initialization of buffer pool
2026-02-04  9:27:18 0 [Note] InnoDB: Starting crash recovery from checkpoint LSN=300306
2026-02-04  9:27:18 0 [Note] InnoDB: 128 out of 128 rollback segments are active.
2026-02-04  9:27:18 0 [Note] InnoDB: Removed temporary tablespace data file: "ibtmp1"
2026-02-04  9:27:18 0 [Note] InnoDB: Creating shared tablespace for temporary tables
2026-02-04  9:27:18 0 [Note] InnoDB: Setting file 'D:\xampp\mysql\data\ibtmp1' size to 12 MB. Physically writing the file full; Please wait ...
2026-02-04  9:27:18 0 [Note] InnoDB: File 'D:\xampp\mysql\data\ibtmp1' size is now 12 MB.
2026-02-04  9:27:18 0 [Note] InnoDB: Waiting for purge to start
2026-02-04  9:27:18 0 [Note] InnoDB: 10.4.32 started; log sequence number 300315; transaction id 170
2026-02-04  9:27:18 0 [Note] InnoDB: Loading buffer pool(s) from D:\xampp\mysql\data\ib_buffer_pool
2026-02-04  9:27:18 0 [Note] Plugin 'FEEDBACK' is disabled.
2026-02-04  9:27:19 0 [Note] InnoDB: Buffer pool(s) load completed at 260204  9:27:19
2026-02-04  9:27:19 0 [Note] Server socket created on IP: '::'.
2026-02-04  9:40:26 0 [Note] Starting MariaDB 10.4.32-MariaDB source revision c4143f909528e3fab0677a28631d10389354c491 as process 10648
2026-02-04  9:40:26 0 [Note] InnoDB: Mutexes and rw_locks use Windows interlocked functions
2026-02-04  9:40:26 0 [Note] InnoDB: Uses event mutexes
2026-02-04  9:40:26 0 [Note] InnoDB: Compressed tables use zlib 1.3
2026-02-04  9:40:26 0 [Note] InnoDB: Number of pools: 1
2026-02-04  9:40:26 0 [Note] InnoDB: Using SSE2 crc32 instructions
2026-02-04  9:40:26 0 [Note] InnoDB: Initializing buffer pool, total size = 16M, instances = 1, chunk size = 16M
2026-02-04  9:40:26 0 [Note] InnoDB: Completed initialization of buffer pool
2026-02-04  9:40:26 0 [Note] InnoDB: Starting crash recovery from checkpoint LSN=300324
2026-02-04  9:40:26 0 [Note] InnoDB: 128 out of 128 rollback segments are active.
2026-02-04  9:40:26 0 [Note] InnoDB: Removed temporary tablespace data file: "ibtmp1"
2026-02-04  9:40:26 0 [Note] InnoDB: Creating shared tablespace for temporary tables
2026-02-04  9:40:26 0 [Note] InnoDB: Setting file 'D:\xampp\mysql\data\ibtmp1' size to 12 MB. Physically writing the file full; Please wait ...
2026-02-04  9:40:26 0 [Note] InnoDB: File 'D:\xampp\mysql\data\ibtmp1' size is now 12 MB.
2026-02-04  9:40:26 0 [Note] InnoDB: Waiting for purge to start
2026-02-04  9:40:26 0 [Note] InnoDB: 10.4.32 started; log sequence number 300333; transaction id 170
2026-02-04  9:40:26 0 [Note] InnoDB: Loading buffer pool(s) from D:\xampp\mysql\data\ib_buffer_pool
2026-02-04  9:40:26 0 [Note] Plugin 'FEEDBACK' is disabled.
2026-02-04  9:40:26 0 [Note] Server socket created on IP: '::'.
2026-02-04 10:00:22 0 [Note] Starting MariaDB 10.4.32-MariaDB source revision c4143f909528e3fab0677a28631d10389354c491 as process 9456
2026-02-04 10:00:22 0 [Note] mysqld.exe: Aria engine: starting recovery
recovered pages: 0% 100% (0.0 seconds); tables to flush: 1 0
 (0.0 seconds); 
2026-02-04 10:00:22 0 [Note] mysqld.exe: Aria engine: recovery done
2026-02-04 10:00:22 0 [Note] InnoDB: Mutexes and rw_locks use Windows interlocked functions
2026-02-04 10:00:22 0 [Note] InnoDB: Uses event mutexes
2026-02-04 10:00:22 0 [Note] InnoDB: Compressed tables use zlib 1.3
2026-02-04 10:00:22 0 [Note] InnoDB: Number of pools: 1
2026-02-04 10:00:22 0 [Note] InnoDB: Using SSE2 crc32 instructions
2026-02-04 10:00:22 0 [Note] InnoDB: Initializing buffer pool, total size = 16M, instances = 1, chunk size = 16M
2026-02-04 10:00:22 0 [Note] InnoDB: Completed initialization of buffer pool
2026-02-04 10:00:22 0 [Note] InnoDB: Starting crash recovery from checkpoint LSN=316447
2026-02-04 10:00:22 0 [Note] InnoDB: 128 out of 128 rollback segments are active.
2026-02-04 10:00:22 0 [Note] InnoDB: Removed temporary tablespace data file: "ibtmp1"
2026-02-04 10:00:22 0 [Note] InnoDB: Creating shared tablespace for temporary tables
2026-02-04 10:00:22 0 [Note] InnoDB: Setting file 'D:\xampp\mysql\data\ibtmp1' size to 12 MB. Physically writing the file full; Please wait ...
2026-02-04 10:00:22 0 [Note] InnoDB: File 'D:\xampp\mysql\data\ibtmp1' size is now 12 MB.
2026-02-04 10:00:22 0 [Note] InnoDB: Waiting for purge to start
2026-02-04 10:00:22 0 [Note] InnoDB: 10.4.32 started; log sequence number 316456; transaction id 213
2026-02-04 10:00:22 0 [Note] InnoDB: Loading buffer pool(s) from D:\xampp\mysql\data\ib_buffer_pool
2026-02-04 10:00:22 0 [Note] Plugin 'FEEDBACK' is disabled.
2026-02-04 10:00:22 0 [Note] Server socket created on IP: '::'.
2026-02-04 10:06:05 0 [Note] Starting MariaDB 10.4.32-MariaDB source revision c4143f909528e3fab0677a28631d10389354c491 as process 2544
2026-02-04 10:06:05 0 [Note] InnoDB: Mutexes and rw_locks use Windows interlocked functions
2026-02-04 10:06:05 0 [Note] InnoDB: Uses event mutexes
2026-02-04 10:06:05 0 [Note] InnoDB: Compressed tables use zlib 1.3
2026-02-04 10:06:05 0 [Note] InnoDB: Number of pools: 1
2026-02-04 10:06:05 0 [Note] InnoDB: Using SSE2 crc32 instructions
2026-02-04 10:06:05 0 [Note] InnoDB: Initializing buffer pool, total size = 16M, instances = 1, chunk size = 16M
2026-02-04 10:06:05 0 [Note] InnoDB: Completed initialization of buffer pool
2026-02-04 10:06:05 0 [Note] InnoDB: Starting crash recovery from checkpoint LSN=316766
2026-02-04 10:06:05 0 [Note] InnoDB: 128 out of 128 rollback segments are active.
2026-02-04 10:06:05 0 [Note] InnoDB: Removed temporary tablespace data file: "ibtmp1"
2026-02-04 10:06:05 0 [Note] InnoDB: Creating shared tablespace for temporary tables
2026-02-04 10:06:05 0 [Note] InnoDB: Setting file 'D:\xampp\mysql\data\ibtmp1' size to 12 MB. Physically writing the file full; Please wait ...
2026-02-04 10:06:05 0 [Note] InnoDB: File 'D:\xampp\mysql\data\ibtmp1' size is now 12 MB.
2026-02-04 10:06:05 0 [Note] InnoDB: Waiting for purge to start
2026-02-04 10:06:05 0 [Note] InnoDB: 10.4.32 started; log sequence number 316775; transaction id 236
2026-02-04 10:06:05 0 [Note] InnoDB: Loading buffer pool(s) from D:\xampp\mysql\data\ib_buffer_pool
2026-02-04 10:06:05 0 [Note] Plugin 'FEEDBACK' is disabled.
2026-02-04 10:06:05 0 [Note] Server socket created on IP: '::'.
2026-02-04 10:12:58 0 [Note] Starting MariaDB 10.4.32-MariaDB source revision c4143f909528e3fab0677a28631d10389354c491 as process 9204
2026-02-04 10:12:58 0 [Note] InnoDB: Mutexes and rw_locks use Windows interlocked functions
2026-02-04 10:12:58 0 [Note] InnoDB: Uses event mutexes
2026-02-04 10:12:58 0 [Note] InnoDB: Compressed tables use zlib 1.3
2026-02-04 10:12:58 0 [Note] InnoDB: Number of pools: 1
2026-02-04 10:12:58 0 [Note] InnoDB: Using SSE2 crc32 instructions
2026-02-04 10:12:58 0 [Note] InnoDB: Initializing buffer pool, total size = 16M, instances = 1, chunk size = 16M
2026-02-04 10:12:58 0 [Note] InnoDB: Completed initialization of buffer pool
2026-02-04 10:12:58 0 [Note] InnoDB: Starting crash recovery from checkpoint LSN=316784
2026-02-04 10:12:58 0 [Note] InnoDB: 128 out of 128 rollback segments are active.
2026-02-04 10:12:58 0 [Note] InnoDB: Removed temporary tablespace data file: "ibtmp1"
2026-02-04 10:12:58 0 [Note] InnoDB: Creating shared tablespace for temporary tables
2026-02-04 10:12:58 0 [Note] InnoDB: Setting file 'D:\xampp\mysql\data\ibtmp1' size to 12 MB. Physically writing the file full; Please wait ...
2026-02-04 10:12:58 0 [Note] InnoDB: File 'D:\xampp\mysql\data\ibtmp1' size is now 12 MB.
2026-02-04 10:12:58 0 [Note] InnoDB: Waiting for purge to start
2026-02-04 10:12:58 0 [Note] InnoDB: 10.4.32 started; log sequence number 316793; transaction id 236
2026-02-04 10:12:58 0 [Note] InnoDB: Loading buffer pool(s) from D:\xampp\mysql\data\ib_buffer_pool
2026-02-04 10:12:58 0 [Note] Plugin 'FEEDBACK' is disabled.
2026-02-04 10:12:58 0 [Note] Server socket created on IP: '::'.
2026-02-04 10:15:50 0 [Note] Starting MariaDB 10.4.32-MariaDB source revision c4143f909528e3fab0677a28631d10389354c491 as process 10080
2026-02-04 10:15:50 0 [Note] InnoDB: Mutexes and rw_locks use Windows interlocked functions
2026-02-04 10:15:50 0 [Note] InnoDB: Uses event mutexes
2026-02-04 10:15:50 0 [Note] InnoDB: Compressed tables use zlib 1.3
2026-02-04 10:15:50 0 [Note] InnoDB: Number of pools: 1
2026-02-04 10:15:50 0 [Note] InnoDB: Using SSE2 crc32 instructions
2026-02-04 10:15:50 0 [Note] InnoDB: Initializing buffer pool, total size = 16M, instances = 1, chunk size = 16M
2026-02-04 10:15:50 0 [Note] InnoDB: Completed initialization of buffer pool
2026-02-04 10:15:50 0 [Note] InnoDB: Starting crash recovery from checkpoint LSN=316802
2026-02-04 10:15:50 0 [Note] InnoDB: 128 out of 128 rollback segments are active.
2026-02-04 10:15:50 0 [Note] InnoDB: Removed temporary tablespace data file: "ibtmp1"
2026-02-04 10:15:50 0 [Note] InnoDB: Creating shared tablespace for temporary tables
2026-02-04 10:15:50 0 [Note] InnoDB: Setting file 'D:\xampp\mysql\data\ibtmp1' size to 12 MB. Physically writing the file full; Please wait ...
2026-02-04 10:15:50 0 [Note] InnoDB: File 'D:\xampp\mysql\data\ibtmp1' size is now 12 MB.
2026-02-04 10:15:50 0 [Note] InnoDB: Waiting for purge to start
2026-02-04 10:15:50 0 [Note] InnoDB: 10.4.32 started; log sequence number 316811; transaction id 236
2026-02-04 10:15:50 0 [Note] InnoDB: Loading buffer pool(s) from D:\xampp\mysql\data\ib_buffer_pool
2026-02-04 10:15:50 0 [Note] Plugin 'FEEDBACK' is disabled.
2026-02-04 10:15:50 0 [Note] Server socket created on IP: '::'.
2026-02-04 10:29:27 0 [Note] Starting MariaDB 10.4.32-MariaDB source revision c4143f909528e3fab0677a28631d10389354c491 as process 18948
2026-02-04 10:29:27 0 [Note] InnoDB: Mutexes and rw_locks use Windows interlocked functions
2026-02-04 10:29:27 0 [Note] InnoDB: Uses event mutexes
2026-02-04 10:29:27 0 [Note] InnoDB: Compressed tables use zlib 1.3
2026-02-04 10:29:27 0 [Note] InnoDB: Number of pools: 1
2026-02-04 10:29:27 0 [Note] InnoDB: Using SSE2 crc32 instructions
2026-02-04 10:29:27 0 [Note] InnoDB: Initializing buffer pool, total size = 16M, instances = 1, chunk size = 16M
2026-02-04 10:29:27 0 [Note] InnoDB: Completed initialization of buffer pool
2026-02-04 10:29:27 0 [Note] InnoDB: Starting crash recovery from checkpoint LSN=316820
2026-02-04 10:29:27 0 [Note] InnoDB: 128 out of 128 rollback segments are active.
2026-02-04 10:29:27 0 [Note] InnoDB: Removed temporary tablespace data file: "ibtmp1"
2026-02-04 10:29:27 0 [Note] InnoDB: Creating shared tablespace for temporary tables
2026-02-04 10:29:27 0 [Note] InnoDB: Setting file 'D:\xampp\mysql\data\ibtmp1' size to 12 MB. Physically writing the file full; Please wait ...
2026-02-04 10:29:27 0 [Note] InnoDB: File 'D:\xampp\mysql\data\ibtmp1' size is now 12 MB.
2026-02-04 10:29:27 0 [Note] InnoDB: Waiting for purge to start
2026-02-04 10:29:27 0 [Note] InnoDB: 10.4.32 started; log sequence number 316829; transaction id 236
2026-02-04 10:29:27 0 [Note] InnoDB: Loading buffer pool(s) from D:\xampp\mysql\data\ib_buffer_pool
2026-02-04 10:29:27 0 [Note] Plugin 'FEEDBACK' is disabled.
2026-02-04 10:29:27 0 [Note] Server socket created on IP: '::'.
2026-02-04 11:05:32 0 [Note] Starting MariaDB 10.4.32-MariaDB source revision c4143f909528e3fab0677a28631d10389354c491 as process 14492
2026-02-04 11:05:32 0 [Note] InnoDB: Mutexes and rw_locks use Windows interlocked functions
2026-02-04 11:05:32 0 [Note] InnoDB: Uses event mutexes
2026-02-04 11:05:32 0 [Note] InnoDB: Compressed tables use zlib 1.3
2026-02-04 11:05:32 0 [Note] InnoDB: Number of pools: 1
2026-02-04 11:05:32 0 [Note] InnoDB: Using SSE2 crc32 instructions
2026-02-04 11:05:32 0 [Note] InnoDB: Initializing buffer pool, total size = 16M, instances = 1, chunk size = 16M
2026-02-04 11:05:32 0 [Note] InnoDB: Completed initialization of buffer pool
2026-02-04 11:05:32 0 [Note] InnoDB: Starting crash recovery from checkpoint LSN=318662
2026-02-04 11:05:32 0 [Note] InnoDB: 128 out of 128 rollback segments are active.
2026-02-04 11:05:32 0 [Note] InnoDB: Removed temporary tablespace data file: "ibtmp1"
2026-02-04 11:05:32 0 [Note] InnoDB: Creating shared tablespace for temporary tables
2026-02-04 11:05:32 0 [Note] InnoDB: Setting file 'D:\xampp\mysql\data\ibtmp1' size to 12 MB. Physically writing the file full; Please wait ...
2026-02-04 11:05:32 0 [Note] InnoDB: File 'D:\xampp\mysql\data\ibtmp1' size is now 12 MB.
2026-02-04 11:05:32 0 [Note] InnoDB: Waiting for purge to start
2026-02-04 11:05:33 0 [Note] InnoDB: 10.4.32 started; log sequence number 318671; transaction id 251
2026-02-04 11:05:33 0 [Note] InnoDB: Loading buffer pool(s) from D:\xampp\mysql\data\ib_buffer_pool
2026-02-04 11:05:33 0 [Note] Plugin 'FEEDBACK' is disabled.
2026-02-04 11:05:33 0 [Note] Server socket created on IP: '::'.
2026-02-06 11:04:21 0 [Note] Starting MariaDB 10.4.32-MariaDB source revision c4143f909528e3fab0677a28631d10389354c491 as process 11704
2026-02-06 11:04:21 0 [Note] InnoDB: Mutexes and rw_locks use Windows interlocked functions
2026-02-06 11:04:21 0 [Note] InnoDB: Uses event mutexes
2026-02-06 11:04:21 0 [Note] InnoDB: Compressed tables use zlib 1.3
2026-02-06 11:04:21 0 [Note] InnoDB: Number of pools: 1
2026-02-06 11:04:21 0 [Note] InnoDB: Using SSE2 crc32 instructions
2026-02-06 11:04:21 0 [Note] InnoDB: Initializing buffer pool, total size = 16M, instances = 1, chunk size = 16M
2026-02-06 11:04:21 0 [Note] InnoDB: Completed initialization of buffer pool
2026-02-06 11:04:21 0 [Note] InnoDB: Starting crash recovery from checkpoint LSN=336970
2026-02-06 11:04:21 0 [Note] InnoDB: 128 out of 128 rollback segments are active.
2026-02-06 11:04:21 0 [Note] InnoDB: Removed temporary tablespace data file: "ibtmp1"
2026-02-06 11:04:21 0 [Note] InnoDB: Creating shared tablespace for temporary tables
2026-02-06 11:04:21 0 [Note] InnoDB: Setting file 'D:\xampp\mysql\data\ibtmp1' size to 12 MB. Physically writing the file full; Please wait ...
2026-02-06 11:04:21 0 [Note] InnoDB: File 'D:\xampp\mysql\data\ibtmp1' size is now 12 MB.
2026-02-06 11:04:21 0 [Note] InnoDB: Waiting for purge to start
2026-02-06 11:04:21 0 [Note] InnoDB: 10.4.32 started; log sequence number 336979; transaction id 289
2026-02-06 11:04:21 0 [Note] InnoDB: Loading buffer pool(s) from D:\xampp\mysql\data\ib_buffer_pool
2026-02-06 11:04:21 0 [Note] Plugin 'FEEDBACK' is disabled.
2026-02-06 11:04:21 0 [Note] InnoDB: Buffer pool(s) load completed at 260206 11:04:21
2026-02-06 11:04:21 0 [Note] Server socket created on IP: '::'.
2026-02-06 11:04:21 0xc08  InnoDB: Assertion failure in file D:\winx64-packages\build\src\storage\innobase\os\os0file.cc line 6132
InnoDB: Failing assertion: slot
InnoDB: We intentionally generate a memory trap.
InnoDB: Submit a detailed bug report to https://jira.mariadb.org/
InnoDB: If you get repeated assertion failures or crashes, even
InnoDB: immediately after the mysqld startup, there may be
InnoDB: corruption in the InnoDB tablespace. Please refer to
InnoDB: https://mariadb.com/kb/en/library/innodb-recovery-modes/
InnoDB: about forcing recovery.
260206 11:04:21 [ERROR] mysqld got exception 0x80000003 ;
Sorry, we probably made a mistake, and this is a bug.

Your assistance in bug reporting will enable us to fix this for the next release.
To report this bug, see https://mariadb.com/kb/en/reporting-bugs

We will try our best to scrape up some info that will hopefully help
diagnose the problem, but since we have already crashed, 
something is definitely wrong and this may fail.

Server version: 10.4.32-MariaDB source revision: c4143f909528e3fab0677a28631d10389354c491
key_buffer_size=16777216
read_buffer_size=262144
max_used_connections=0
max_threads=65537
thread_count=6
It is possible that mysqld could use up to 
key_buffer_size + (read_buffer_size + sort_buffer_size)*max_threads = 20304 K  bytes of memory
Hope that's ok; if not, decrease some variables in the equation.

Thread pointer: 0x0
Attempting backtrace. You can use the following information to find out
where mysqld died. If you see no messages after this, something went
terribly wrong...
mysqld.exe!my_parameter_handler()
ucrtbase.dll!raise()
ucrtbase.dll!abort()
mysqld.exe!?append@?$basic_string@DU?$char_traits@D@std@@V?$allocator@D@2@@std@@QEAAAEAV12@QEBD_K@Z()
mysqld.exe!?_Forced_rehash@?$_Hash@V?$_Umap_traits@PEAU_iobuf@@PEAXV?$_Uhash_compare@PEAU_iobuf@@U?$hash@PEAU_iobuf@@@std@@U?$equal_to@PEAU_iobuf@@@3@@std@@V?$allocator@U?$pair@QEAU_iobuf@@PEAX@std@@@3@$0A@@std@@@std@@IEAAX_K@Z()
mysqld.exe!?_Forced_rehash@?$_Hash@V?$_Umap_traits@PEAU_iobuf@@PEAXV?$_Uhash_compare@PEAU_iobuf@@U?$hash@PEAU_iobuf@@@std@@U?$equal_to@PEAU_iobuf@@@3@@std@@V?$allocator@U?$pair@QEAU_iobuf@@PEAX@std@@@3@$0A@@std@@@std@@IEAAX_K@Z()
mysqld.exe!pthread_dummy()
mysqld.exe!pthread_dummy()
KERNEL32.DLL!BaseThreadInitThunk()
ntdll.dll!RtlUserThreadStart()
The manual page at https://mariadb.com/kb/en/how-to-produce-a-full-stack-trace-for-mariadbd/ contains
information that should help you find out what is causing the crash.
Writing a core file at D:\xampp\mysql\data
Minidump written to D:\xampp\mysql\data\mysqld.dmp
2026-02-06 11:04:22 0 [Note] Reading of all Master_info entries succeeded
2026-02-06 11:04:22 0 [Note] Added new Master_info '' to hash table
2026-02-06 11:04:22 0 [Note] d:\xampp\mysql\bin\mysqld.exe: ready for connections.
Version: '10.4.32-MariaDB'  socket: ''  port: 3306  mariadb.org binary distribution
2026-02-06 11:04:36 0 [Note] Starting MariaDB 10.4.32-MariaDB source revision c4143f909528e3fab0677a28631d10389354c491 as process 6600
2026-02-06 11:04:36 0 [Note] InnoDB: Mutexes and rw_locks use Windows interlocked functions
2026-02-06 11:04:36 0 [Note] InnoDB: Uses event mutexes
2026-02-06 11:04:36 0 [Note] InnoDB: Compressed tables use zlib 1.3
2026-02-06 11:04:36 0 [Note] InnoDB: Number of pools: 1
2026-02-06 11:04:36 0 [Note] InnoDB: Using SSE2 crc32 instructions
2026-02-06 11:04:36 0 [Note] InnoDB: Initializing buffer pool, total size = 16M, instances = 1, chunk size = 16M
2026-02-06 11:04:36 0 [Note] InnoDB: Completed initialization of buffer pool
2026-02-06 11:04:36 0 [Note] InnoDB: Starting crash recovery from checkpoint LSN=336988
2026-02-06 11:04:36 0 [Note] InnoDB: 128 out of 128 rollback segments are active.
2026-02-06 11:04:36 0 [Note] InnoDB: Removed temporary tablespace data file: "ibtmp1"
2026-02-06 11:04:36 0 [Note] InnoDB: Creating shared tablespace for temporary tables
2026-02-06 11:04:36 0 [Note] InnoDB: Setting file 'D:\xampp\mysql\data\ibtmp1' size to 12 MB. Physically writing the file full; Please wait ...
2026-02-06 11:04:36 0 [Note] InnoDB: File 'D:\xampp\mysql\data\ibtmp1' size is now 12 MB.
2026-02-06 11:04:36 0 [Note] InnoDB: Waiting for purge to start
2026-02-06 11:04:36 0 [Note] InnoDB: 10.4.32 started; log sequence number 336997; transaction id 289
2026-02-06 11:04:36 0 [Note] InnoDB: Loading buffer pool(s) from D:\xampp\mysql\data\ib_buffer_pool
2026-02-06 11:04:36 0 [Note] Plugin 'FEEDBACK' is disabled.
2026-02-06 11:04:36 0 [Note] Server socket created on IP: '::'.
2026-03-06 15:37:51 0 [Note] Starting MariaDB 10.4.32-MariaDB source revision c4143f909528e3fab0677a28631d10389354c491 as process 16256
2026-03-06 15:37:52 0 [Note] InnoDB: Mutexes and rw_locks use Windows interlocked functions
2026-03-06 15:37:52 0 [Note] InnoDB: Uses event mutexes
2026-03-06 15:37:52 0 [Note] InnoDB: Compressed tables use zlib 1.3
2026-03-06 15:37:52 0 [Note] InnoDB: Number of pools: 1
2026-03-06 15:37:52 0 [Note] InnoDB: Using SSE2 crc32 instructions
2026-03-06 15:37:52 0 [Note] InnoDB: Initializing buffer pool, total size = 16M, instances = 1, chunk size = 16M
2026-03-06 15:37:52 0 [Note] InnoDB: Completed initialization of buffer pool
2026-03-06 15:37:52 0 [Note] InnoDB: Starting crash recovery from checkpoint LSN=337006
2026-03-06 15:37:52 0 [Note] InnoDB: 128 out of 128 rollback segments are active.
2026-03-06 15:37:52 0 [Note] InnoDB: Removed temporary tablespace data file: "ibtmp1"
2026-03-06 15:37:52 0 [Note] InnoDB: Creating shared tablespace for temporary tables
2026-03-06 15:37:52 0 [Note] InnoDB: Setting file 'D:\xampp\mysql\data\ibtmp1' size to 12 MB. Physically writing the file full; Please wait ...
2026-03-06 15:37:52 0 [Note] InnoDB: File 'D:\xampp\mysql\data\ibtmp1' size is now 12 MB.
2026-03-06 15:37:52 0 [Note] InnoDB: Waiting for purge to start
2026-03-06 15:37:52 0 [Note] InnoDB: 10.4.32 started; log sequence number 337015; transaction id 289
2026-03-06 15:37:52 0 [Note] Plugin 'FEEDBACK' is disabled.
2026-03-06 15:37:52 0 [Note] InnoDB: Loading buffer pool(s) from D:\xampp\mysql\data\ib_buffer_pool
2026-03-06 15:37:52 0 [Note] InnoDB: Buffer pool(s) load completed at 260306 15:37:52
2026-03-06 15:37:52 0 [Note] Server socket created on IP: '::'.
2026-03-06 15:46:43 0 [Note] Starting MariaDB 10.4.32-MariaDB source revision c4143f909528e3fab0677a28631d10389354c491 as process 7408
2026-03-06 15:46:43 0 [Note] InnoDB: Mutexes and rw_locks use Windows interlocked functions
2026-03-06 15:46:43 0 [Note] InnoDB: Uses event mutexes
2026-03-06 15:46:43 0 [Note] InnoDB: Compressed tables use zlib 1.3
2026-03-06 15:46:43 0 [Note] InnoDB: Number of pools: 1
2026-03-06 15:46:43 0 [Note] InnoDB: Using SSE2 crc32 instructions
2026-03-06 15:46:43 0 [Note] InnoDB: Initializing buffer pool, total size = 16M, instances = 1, chunk size = 16M
2026-03-06 15:46:43 0 [Note] InnoDB: Completed initialization of buffer pool
2026-03-06 15:46:43 0 [Note] InnoDB: Starting crash recovery from checkpoint LSN=337006
2026-03-06 15:46:44 0 [Note] InnoDB: 128 out of 128 rollback segments are active.
2026-03-06 15:46:44 0 [Note] InnoDB: Removed temporary tablespace data file: "ibtmp1"
2026-03-06 15:46:44 0 [Note] InnoDB: Creating shared tablespace for temporary tables
2026-03-06 15:46:44 0 [Note] InnoDB: Setting file 'D:\xampp\mysql\data\ibtmp1' size to 12 MB. Physically writing the file full; Please wait ...
2026-03-06 15:46:44 0 [Note] InnoDB: File 'D:\xampp\mysql\data\ibtmp1' size is now 12 MB.
2026-03-06 15:46:44 0 [Note] InnoDB: Waiting for purge to start
2026-03-06 15:46:44 0 [Note] InnoDB: 10.4.32 started; log sequence number 337015; transaction id 289
2026-03-06 15:46:44 0 [Note] InnoDB: Loading buffer pool(s) from D:\xampp\mysql\data\ib_buffer_pool
2026-03-06 15:46:44 0 [Note] Plugin 'FEEDBACK' is disabled.
2026-03-06 15:46:44 0 [Note] Server socket created on IP: '::'.
2026-03-09 15:57:55 0 [Note] Starting MariaDB 10.4.32-MariaDB source revision c4143f909528e3fab0677a28631d10389354c491 as process 23648
2026-03-09 15:57:55 0 [Note] InnoDB: Mutexes and rw_locks use Windows interlocked functions
2026-03-09 15:57:55 0 [Note] InnoDB: Uses event mutexes
2026-03-09 15:57:55 0 [Note] InnoDB: Compressed tables use zlib 1.3
2026-03-09 15:57:55 0 [Note] InnoDB: Number of pools: 1
2026-03-09 15:57:55 0 [Note] InnoDB: Using SSE2 crc32 instructions
2026-03-09 15:57:55 0 [Note] InnoDB: Initializing buffer pool, total size = 16M, instances = 1, chunk size = 16M
2026-03-09 15:57:55 0 [Note] InnoDB: Completed initialization of buffer pool
2026-03-09 15:57:55 0 [Note] InnoDB: Starting crash recovery from checkpoint LSN=337024
2026-03-09 15:57:56 0 [Note] InnoDB: 128 out of 128 rollback segments are active.
2026-03-09 15:57:56 0 [Note] InnoDB: Removed temporary tablespace data file: "ibtmp1"
2026-03-09 15:57:56 0 [Note] InnoDB: Creating shared tablespace for temporary tables
2026-03-09 15:57:56 0 [Note] InnoDB: Setting file 'D:\xampp\mysql\data\ibtmp1' size to 12 MB. Physically writing the file full; Please wait ...
2026-03-09 15:57:56 0 [Note] InnoDB: File 'D:\xampp\mysql\data\ibtmp1' size is now 12 MB.
2026-03-09 15:57:56 0 [Note] InnoDB: Waiting for purge to start
2026-03-09 15:57:56 0 [Note] InnoDB: 10.4.32 started; log sequence number 337033; transaction id 289
2026-03-09 15:57:56 0 [Note] InnoDB: Loading buffer pool(s) from D:\xampp\mysql\data\ib_buffer_pool
2026-03-09 15:57:56 0 [Note] Plugin 'FEEDBACK' is disabled.
2026-03-09 15:57:56 0 [Note] InnoDB: Buffer pool(s) load completed at 260309 15:57:56
2026-03-09 15:57:56 0 [Note] Server socket created on IP: '::'.
2026-03-09 15:57:56 0 [Note] Reading of all Master_info entries succeeded
2026-03-09 15:57:56 0 [Note] Added new Master_info '' to hash table
2026-03-09 15:57:56 0 [Note] mysql\bin\mysqld.exe: ready for connections.
Version: '10.4.32-MariaDB'  socket: ''  port: 3306  mariadb.org binary distribution
2026-03-09 16:00:26 0 [Note] Starting MariaDB 10.4.32-MariaDB source revision c4143f909528e3fab0677a28631d10389354c491 as process 20872
2026-03-09 16:00:26 0 [Note] InnoDB: Mutexes and rw_locks use Windows interlocked functions
2026-03-09 16:00:26 0 [Note] InnoDB: Uses event mutexes
2026-03-09 16:00:26 0 [Note] InnoDB: Compressed tables use zlib 1.3
2026-03-09 16:00:26 0 [Note] InnoDB: Number of pools: 1
2026-03-09 16:00:26 0 [Note] InnoDB: Using SSE2 crc32 instructions
2026-03-09 16:00:26 0 [Note] InnoDB: Initializing buffer pool, total size = 16M, instances = 1, chunk size = 16M
2026-03-09 16:00:26 0 [Note] InnoDB: Completed initialization of buffer pool
2026-03-09 16:00:26 0 [Note] InnoDB: Starting crash recovery from checkpoint LSN=337042
2026-03-09 16:00:26 0 [Note] InnoDB: 128 out of 128 rollback segments are active.
2026-03-09 16:00:26 0 [Note] InnoDB: Removed temporary tablespace data file: "ibtmp1"
2026-03-09 16:00:26 0 [Note] InnoDB: Creating shared tablespace for temporary tables
2026-03-09 16:00:26 0 [Note] InnoDB: Setting file 'D:\xampp\mysql\data\ibtmp1' size to 12 MB. Physically writing the file full; Please wait ...
2026-03-09 16:00:26 0 [Note] InnoDB: File 'D:\xampp\mysql\data\ibtmp1' size is now 12 MB.
2026-03-09 16:00:26 0 [Note] InnoDB: Waiting for purge to start
2026-03-09 16:00:26 0 [Note] InnoDB: 10.4.32 started; log sequence number 337051; transaction id 289
2026-03-09 16:00:26 0 [Note] InnoDB: Loading buffer pool(s) from D:\xampp\mysql\data\ib_buffer_pool
2026-03-09 16:00:26 0 [Note] Plugin 'FEEDBACK' is disabled.
2026-03-09 16:00:26 0 [Note] Server socket created on IP: '::'.
2026-03-17 16:02:15 0 [Note] Starting MariaDB 10.4.32-MariaDB source revision c4143f909528e3fab0677a28631d10389354c491 as process 16488
2026-03-17 16:02:15 0 [Note] InnoDB: Mutexes and rw_locks use Windows interlocked functions
2026-03-17 16:02:15 0 [Note] InnoDB: Uses event mutexes
2026-03-17 16:02:15 0 [Note] InnoDB: Compressed tables use zlib 1.3
2026-03-17 16:02:15 0 [Note] InnoDB: Number of pools: 1
2026-03-17 16:02:15 0 [Note] InnoDB: Using SSE2 crc32 instructions
2026-03-17 16:02:15 0 [Note] InnoDB: Initializing buffer pool, total size = 16M, instances = 1, chunk size = 16M
2026-03-17 16:02:15 0 [Note] InnoDB: Completed initialization of buffer pool
2026-03-17 16:02:15 0 [Note] InnoDB: Starting crash recovery from checkpoint LSN=337060
2026-03-17 16:02:15 0 [Note] InnoDB: 128 out of 128 rollback segments are active.
2026-03-17 16:02:15 0 [Note] InnoDB: Removed temporary tablespace data file: "ibtmp1"
2026-03-17 16:02:15 0 [Note] InnoDB: Creating shared tablespace for temporary tables
2026-03-17 16:02:15 0 [Note] InnoDB: Setting file 'D:\xampp\mysql\data\ibtmp1' size to 12 MB. Physically writing the file full; Please wait ...
2026-03-17 16:02:15 0 [Note] InnoDB: File 'D:\xampp\mysql\data\ibtmp1' size is now 12 MB.
2026-03-17 16:02:15 0 [Note] InnoDB: Waiting for purge to start
2026-03-17 16:02:15 0 [Note] InnoDB: 10.4.32 started; log sequence number 337069; transaction id 289
2026-03-17 16:02:15 0 [Note] InnoDB: Loading buffer pool(s) from D:\xampp\mysql\data\ib_buffer_pool
2026-03-17 16:02:15 0 [Note] Plugin 'FEEDBACK' is disabled.
2026-03-17 16:02:15 0 [Note] InnoDB: Buffer pool(s) load completed at 260317 16:02:15
2026-03-17 16:02:15 0 [Note] Server socket created on IP: '::'.
2026-05-12  8:38:44 0 [Note] Starting MariaDB 10.4.32-MariaDB source revision c4143f909528e3fab0677a28631d10389354c491 as process 7060
2026-05-12  8:38:44 0 [Note] InnoDB: Mutexes and rw_locks use Windows interlocked functions
2026-05-12  8:38:44 0 [Note] InnoDB: Uses event mutexes
2026-05-12  8:38:44 0 [Note] InnoDB: Compressed tables use zlib 1.3
2026-05-12  8:38:44 0 [Note] InnoDB: Number of pools: 1
2026-05-12  8:38:44 0 [Note] InnoDB: Using SSE2 crc32 instructions
2026-05-12  8:38:44 0 [Note] InnoDB: Initializing buffer pool, total size = 16M, instances = 1, chunk size = 16M
2026-05-12  8:38:44 0 [Note] InnoDB: Completed initialization of buffer pool
2026-05-12  8:38:44 0 [Note] InnoDB: Starting crash recovery from checkpoint LSN=337078
2026-05-12  8:38:45 0 [Note] InnoDB: 128 out of 128 rollback segments are active.
2026-05-12  8:38:45 0 [Note] InnoDB: Removed temporary tablespace data file: "ibtmp1"
2026-05-12  8:38:45 0 [Note] InnoDB: Creating shared tablespace for temporary tables
2026-05-12  8:38:45 0 [Note] InnoDB: Setting file 'D:\xampp\mysql\data\ibtmp1' size to 12 MB. Physically writing the file full; Please wait ...
2026-05-12  8:38:45 0 [Note] InnoDB: File 'D:\xampp\mysql\data\ibtmp1' size is now 12 MB.
2026-05-12  8:38:45 0 [Note] InnoDB: Waiting for purge to start
2026-05-12  8:38:45 0 [Note] InnoDB: 10.4.32 started; log sequence number 337087; transaction id 289
2026-05-12  8:38:45 0 [Note] InnoDB: Loading buffer pool(s) from D:\xampp\mysql\data\ib_buffer_pool
2026-05-12  8:38:45 0 [Note] Plugin 'FEEDBACK' is disabled.
2026-05-12  8:38:45 0 [Note] InnoDB: Buffer pool(s) load completed at 260512  8:38:45
2026-05-12  8:38:45 0 [Note] Server socket created on IP: '::'.
2026-06-11  9:15:32 0 [Note] Starting MariaDB 10.4.32-MariaDB source revision c4143f909528e3fab0677a28631d10389354c491 as process 19116
2026-06-11  9:15:32 0 [Note] InnoDB: Mutexes and rw_locks use Windows interlocked functions
2026-06-11  9:15:32 0 [Note] InnoDB: Uses event mutexes
2026-06-11  9:15:32 0 [Note] InnoDB: Compressed tables use zlib 1.3
2026-06-11  9:15:32 0 [Note] InnoDB: Number of pools: 1
2026-06-11  9:15:32 0 [Note] InnoDB: Using SSE2 crc32 instructions
2026-06-11  9:15:32 0 [Note] InnoDB: Initializing buffer pool, total size = 16M, instances = 1, chunk size = 16M
2026-06-11  9:15:32 0 [Note] InnoDB: Completed initialization of buffer pool
2026-06-11  9:15:32 0 [Note] InnoDB: Starting crash recovery from checkpoint LSN=337096
2026-06-11  9:15:32 0 [Note] InnoDB: 128 out of 128 rollback segments are active.
2026-06-11  9:15:32 0 [Note] InnoDB: Removed temporary tablespace data file: "ibtmp1"
2026-06-11  9:15:32 0 [Note] InnoDB: Creating shared tablespace for temporary tables
2026-06-11  9:15:32 0 [Note] InnoDB: Setting file 'D:\xampp\mysql\data\ibtmp1' size to 12 MB. Physically writing the file full; Please wait ...
2026-06-11  9:15:32 0 [Note] InnoDB: File 'D:\xampp\mysql\data\ibtmp1' size is now 12 MB.
2026-06-11  9:15:32 0 [Note] InnoDB: Waiting for purge to start
2026-06-11  9:15:32 0 [Note] InnoDB: 10.4.32 started; log sequence number 337105; transaction id 289
2026-06-11  9:15:32 0 [Note] InnoDB: Loading buffer pool(s) from D:\xampp\mysql\data\ib_buffer_pool
2026-06-11  9:15:32 0 [Note] Plugin 'FEEDBACK' is disabled.
2026-06-11  9:15:32 0 [Note] InnoDB: Buffer pool(s) load completed at 260611  9:15:32
2026-06-11  9:15:32 0 [Note] Server socket created on IP: '::'.
2026-06-25 15:34:10 0 [Note] Starting MariaDB 10.4.32-MariaDB source revision c4143f909528e3fab0677a28631d10389354c491 as process 8212
2026-06-25 15:34:10 0 [Note] InnoDB: Mutexes and rw_locks use Windows interlocked functions
2026-06-25 15:34:10 0 [Note] InnoDB: Uses event mutexes
2026-06-25 15:34:10 0 [Note] InnoDB: Compressed tables use zlib 1.3
2026-06-25 15:34:10 0 [Note] InnoDB: Number of pools: 1
2026-06-25 15:34:10 0 [Note] InnoDB: Using SSE2 crc32 instructions
2026-06-25 15:34:10 0 [Note] InnoDB: Initializing buffer pool, total size = 16M, instances = 1, chunk size = 16M
2026-06-25 15:34:10 0 [Note] InnoDB: Completed initialization of buffer pool
2026-06-25 15:34:11 0 [Note] InnoDB: Starting crash recovery from checkpoint LSN=337114
2026-06-25 15:34:11 0 [Note] InnoDB: 128 out of 128 rollback segments are active.
2026-06-25 15:34:11 0 [Note] InnoDB: Removed temporary tablespace data file: "ibtmp1"
2026-06-25 15:34:11 0 [Note] InnoDB: Creating shared tablespace for temporary tables
2026-06-25 15:34:11 0 [Note] InnoDB: Setting file 'D:\xampp\mysql\data\ibtmp1' size to 12 MB. Physically writing the file full; Please wait ...
2026-06-25 15:34:11 0 [Note] InnoDB: File 'D:\xampp\mysql\data\ibtmp1' size is now 12 MB.
2026-06-25 15:34:11 0 [Note] InnoDB: Waiting for purge to start
2026-06-25 15:34:11 0 [Note] InnoDB: 10.4.32 started; log sequence number 337123; transaction id 289
2026-06-25 15:34:11 0 [Note] InnoDB: Loading buffer pool(s) from D:\xampp\mysql\data\ib_buffer_pool
2026-06-25 15:34:11 0 [Note] Plugin 'FEEDBACK' is disabled.
2026-06-25 15:34:11 0 [Note] InnoDB: Buffer pool(s) load completed at 260625 15:34:11
2026-06-25 15:34:11 0 [Note] Server socket created on IP: '::'.
2026-07-20  9:14:38 0 [Note] Starting MariaDB 10.4.32-MariaDB source revision c4143f909528e3fab0677a28631d10389354c491 as process 7348
2026-07-20  9:14:38 0 [Note] InnoDB: Mutexes and rw_locks use Windows interlocked functions
2026-07-20  9:14:38 0 [Note] InnoDB: Uses event mutexes
2026-07-20  9:14:38 0 [Note] InnoDB: Compressed tables use zlib 1.3
2026-07-20  9:14:38 0 [Note] InnoDB: Number of pools: 1
2026-07-20  9:14:38 0 [Note] InnoDB: Using SSE2 crc32 instructions
2026-07-20  9:14:38 0 [Note] InnoDB: Initializing buffer pool, total size = 16M, instances = 1, chunk size = 16M
2026-07-20  9:14:38 0 [Note] InnoDB: Completed initialization of buffer pool
2026-07-20  9:14:38 0 [Note] InnoDB: Starting crash recovery from checkpoint LSN=337132
2026-07-20  9:14:38 0 [Note] InnoDB: 128 out of 128 rollback segments are active.
2026-07-20  9:14:38 0 [Note] InnoDB: Removed temporary tablespace data file: "ibtmp1"
2026-07-20  9:14:38 0 [Note] InnoDB: Creating shared tablespace for temporary tables
2026-07-20  9:14:38 0 [Note] InnoDB: Setting file 'D:\xampp\mysql\data\ibtmp1' size to 12 MB. Physically writing the file full; Please wait ...
2026-07-20  9:14:38 0 [Note] InnoDB: File 'D:\xampp\mysql\data\ibtmp1' size is now 12 MB.
2026-07-20  9:14:38 0 [Note] InnoDB: Waiting for purge to start
2026-07-20  9:14:38 0 [Note] InnoDB: 10.4.32 started; log sequence number 337141; transaction id 289
2026-07-20  9:14:38 0 [Note] InnoDB: Loading buffer pool(s) from D:\xampp\mysql\data\ib_buffer_pool
2026-07-20  9:14:38 0 [Note] Plugin 'FEEDBACK' is disabled.
2026-07-20  9:14:38 0 [Note] InnoDB: Buffer pool(s) load completed at 260720  9:14:38
2026-07-20  9:14:38 0 [Note] Server socket created on IP: '::'.
2026-07-27 14:07:11 0 [Note] Starting MariaDB 10.4.32-MariaDB source revision c4143f909528e3fab0677a28631d10389354c491 as process 6448
2026-07-27 14:07:11 0 [Note] InnoDB: Mutexes and rw_locks use Windows interlocked functions
2026-07-27 14:07:11 0 [Note] InnoDB: Uses event mutexes
2026-07-27 14:07:11 0 [Note] InnoDB: Compressed tables use zlib 1.3
2026-07-27 14:07:11 0 [Note] InnoDB: Number of pools: 1
2026-07-27 14:07:11 0 [Note] InnoDB: Using SSE2 crc32 instructions
2026-07-27 14:07:11 0 [Note] InnoDB: Initializing buffer pool, total size = 16M, instances = 1, chunk size = 16M
2026-07-27 14:07:11 0 [Note] InnoDB: Completed initialization of buffer pool
2026-07-27 14:07:11 0 [Note] InnoDB: Starting crash recovery from checkpoint LSN=337150
2026-07-27 14:07:11 0 [Note] InnoDB: 128 out of 128 rollback segments are active.
2026-07-27 14:07:11 0 [Note] InnoDB: Removed temporary tablespace data file: "ibtmp1"
2026-07-27 14:07:11 0 [Note] InnoDB: Creating shared tablespace for temporary tables
2026-07-27 14:07:11 0 [Note] InnoDB: Setting file 'D:\xampp\mysql\data\ibtmp1' size to 12 MB. Physically writing the file full; Please wait ...
2026-07-27 14:07:11 0 [Note] InnoDB: File 'D:\xampp\mysql\data\ibtmp1' size is now 12 MB.
2026-07-27 14:07:11 0 [Note] InnoDB: Waiting for purge to start
2026-07-27 14:07:12 0 [Note] InnoDB: 10.4.32 started; log sequence number 337159; transaction id 289
2026-07-27 14:07:12 0 [Note] InnoDB: Loading buffer pool(s) from D:\xampp\mysql\data\ib_buffer_pool
2026-07-27 14:07:12 0 [Note] Plugin 'FEEDBACK' is disabled.
2026-07-27 14:07:12 0 [Note] InnoDB: Buffer pool(s) load completed at 260727 14:07:12
2026-07-27 14:07:12 0 [Note] Server socket created on IP: '::'.
2026-07-28 10:35:14 0 [Note] Starting MariaDB 10.4.32-MariaDB source revision c4143f909528e3fab0677a28631d10389354c491 as process 5716
2026-07-28 10:35:15 0 [Note] InnoDB: Mutexes and rw_locks use Windows interlocked functions
2026-07-28 10:35:15 0 [Note] InnoDB: Uses event mutexes
2026-07-28 10:35:15 0 [Note] InnoDB: Compressed tables use zlib 1.3
2026-07-28 10:35:15 0 [Note] InnoDB: Number of pools: 1
2026-07-28 10:35:15 0 [Note] InnoDB: Using SSE2 crc32 instructions
2026-07-28 10:35:15 0 [Note] InnoDB: Initializing buffer pool, total size = 16M, instances = 1, chunk size = 16M
2026-07-28 10:35:15 0 [Note] InnoDB: Completed initialization of buffer pool
2026-07-28 10:35:15 0 [Note] InnoDB: Starting crash recovery from checkpoint LSN=337168
2026-07-28 10:35:15 0 [Note] InnoDB: 128 out of 128 rollback segments are active.
2026-07-28 10:35:15 0 [Note] InnoDB: Removed temporary tablespace data file: "ibtmp1"
2026-07-28 10:35:15 0 [Note] InnoDB: Creating shared tablespace for temporary tables
2026-07-28 10:35:15 0 [Note] InnoDB: Setting file 'D:\xampp\mysql\data\ibtmp1' size to 12 MB. Physically writing the file full; Please wait ...
2026-07-28 10:35:15 0 [Note] InnoDB: File 'D:\xampp\mysql\data\ibtmp1' size is now 12 MB.
2026-07-28 10:35:15 0 [Note] InnoDB: Waiting for purge to start
2026-07-28 10:35:15 0 [Note] InnoDB: 10.4.32 started; log sequence number 337177; transaction id 289
2026-07-28 10:35:15 0 [Note] InnoDB: Loading buffer pool(s) from D:\xampp\mysql\data\ib_buffer_pool
2026-07-28 10:35:15 0 [Note] Plugin 'FEEDBACK' is disabled.
2026-07-28 10:35:15 0 [Note] InnoDB: Buffer pool(s) load completed at 260728 10:35:15
2026-07-28 10:35:15 0 [Note] Server socket created on IP: '::'.
2026-07-28 10:54:39 0 [Note] Starting MariaDB 10.4.32-MariaDB source revision c4143f909528e3fab0677a28631d10389354c491 as process 2940
2026-07-28 10:54:39 0 [Note] InnoDB: Mutexes and rw_locks use Windows interlocked functions
2026-07-28 10:54:39 0 [Note] InnoDB: Uses event mutexes
2026-07-28 10:54:39 0 [Note] InnoDB: Compressed tables use zlib 1.3
2026-07-28 10:54:39 0 [Note] InnoDB: Number of pools: 1
2026-07-28 10:54:39 0 [Note] InnoDB: Using SSE2 crc32 instructions
2026-07-28 10:54:39 0 [Note] InnoDB: Initializing buffer pool, total size = 16M, instances = 1, chunk size = 16M
2026-07-28 10:54:39 0 [Note] InnoDB: Completed initialization of buffer pool
2026-07-28 10:54:39 0 [Note] InnoDB: Starting crash recovery from checkpoint LSN=337168
2026-07-28 10:54:39 0 [Note] InnoDB: 128 out of 128 rollback segments are active.
2026-07-28 10:54:39 0 [Note] InnoDB: Removed temporary tablespace data file: "ibtmp1"
2026-07-28 10:54:39 0 [Note] InnoDB: Creating shared tablespace for temporary tables
2026-07-28 10:54:39 0 [Note] InnoDB: Setting file 'D:\xampp\mysql\data\ibtmp1' size to 12 MB. Physically writing the file full; Please wait ...
2026-07-28 10:54:39 0 [Note] InnoDB: File 'D:\xampp\mysql\data\ibtmp1' size is now 12 MB.
2026-07-28 10:54:39 0 [Note] InnoDB: Waiting for purge to start
2026-07-28 10:54:39 0 [Note] InnoDB: 10.4.32 started; log sequence number 337177; transaction id 289
2026-07-28 10:54:39 0 [Note] InnoDB: Loading buffer pool(s) from D:\xampp\mysql\data\ib_buffer_pool
2026-07-28 10:54:39 0 [Note] Plugin 'FEEDBACK' is disabled.
2026-07-28 10:54:39 0 [Note] Server socket created on IP: '::'.
2026-08-04 10:21:04 0 [Note] Starting MariaDB 10.4.32-MariaDB source revision c4143f909528e3fab0677a28631d10389354c491 as process 3056
2026-08-04 10:21:04 0 [Note] InnoDB: Mutexes and rw_locks use Windows interlocked functions
2026-08-04 10:21:04 0 [Note] InnoDB: Uses event mutexes
2026-08-04 10:21:04 0 [Note] InnoDB: Compressed tables use zlib 1.3
2026-08-04 10:21:04 0 [Note] InnoDB: Number of pools: 1
2026-08-04 10:21:04 0 [Note] InnoDB: Using SSE2 crc32 instructions
2026-08-04 10:21:04 0 [Note] InnoDB: Initializing buffer pool, total size = 16M, instances = 1, chunk size = 16M
2026-08-04 10:21:04 0 [Note] InnoDB: Completed initialization of buffer pool
2026-08-04 10:21:04 0 [Note] InnoDB: Starting crash recovery from checkpoint LSN=337168
2026-08-04 10:21:04 0 [Note] InnoDB: 128 out of 128 rollback segments are active.
2026-08-04 10:21:04 0 [Note] InnoDB: Removed temporary tablespace data file: "ibtmp1"
2026-08-04 10:21:04 0 [Note] InnoDB: Creating shared tablespace for temporary tables
2026-08-04 10:21:04 0 [Note] InnoDB: Setting file 'D:\xampp\mysql\data\ibtmp1' size to 12 MB. Physically writing the file full; Please wait ...
2026-08-04 10:21:04 0 [Note] InnoDB: File 'D:\xampp\mysql\data\ibtmp1' size is now 12 MB.
2026-08-04 10:21:04 0 [Note] InnoDB: Waiting for purge to start
2026-08-04 10:21:04 0 [Note] InnoDB: 10.4.32 started; log sequence number 337177; transaction id 289
2026-08-04 10:21:04 0 [Note] InnoDB: Loading buffer pool(s) from D:\xampp\mysql\data\ib_buffer_pool
2026-08-04 10:21:04 0 [Note] Plugin 'FEEDBACK' is disabled.
2026-08-04 10:21:04 0 [ERROR] InnoDB: Database page corruption on disk or a failed file read of tablespace mysql/gtid_slave_pos page [page id: space=4, page number=0]. You may have to recover from a backup.
2026-08-04 10:21:04 0 [Note] InnoDB: Page dump (16384 bytes):
2026-08-04 10:21:04 0 [Note] InnoDB: 8ac7668300000000000000000000000000000000000215f90008000000000000
2026-08-04 10:21:04 0 [Note] InnoDB: 0000000000040000000400000000000000060000004000000021000000040000
2026-08-04 10:21:04 0 [Note] InnoDB: 0000ffffffff0000ffffffff00000000000100000000009e00000000009e0000
2026-08-04 10:21:04 0 [Note] InnoDB: 0000ffffffff0000ffffffff0000000000000000000300000000ffffffff0000
2026-08-04 10:21:04 0 [Note] InnoDB: ffffffff0000000000010000000200260000000200260000000000000000ffff
2026-08-04 10:21:04 0 [Note] InnoDB: ffff0000ffffffff000000000002aaffffffffffffffffffffffffffffff0000
2026-08-04 10:21:04 0 [Note] InnoDB: 0000000000000000000000000000000000000000000000000000000000000000
2026-08-04 10:21:04 0 [Note] InnoDB: 0000000000000000000000000000000000000000000000000000000000000000
2026-08-04 10:21:04 0 [Note] InnoDB: 0000000000000000000000000000000000000000000000000000000000000000
2026-08-04 10:21:04 0 [Note] InnoDB: 0000000000000000000000000000000000000000000000000000000000000000
2026-08-04 10:21:04 0 [Note] InnoDB: 0000000000000000000000000000000000000000000000000000000000000000
2026-08-04 10:21:04 0 [Note] InnoDB: 0000000000000000000000000000000000000000000000000000000000000000
2026-08-04 10:21:04 0 [Note] InnoDB: 0000000000000000000000000000000000000000000000000000000000000000
2026-08-04 10:21:04 0 [Note] InnoDB: 0000000000000000000000000000000000000000000000000000000000000000
2026-08-04 10:21:04 0 [Note] InnoDB: 0000000000000000000000000000000000000000000000000000000000000000
2026-08-04 10:21:04 0 [Note] InnoDB: 0000000000000000000000000000000000000000000000000000000000000000
2026-08-04 10:21:04 0 [Note] InnoDB: 0000000000000048000000000005252200000000000309220000000000800000
2026-08-04 10:21:04 0 [Note] InnoDB: 0000000000000000000000000000000000000000000000000000000000000000
2026-08-04 10:21:04 0 [Note] InnoDB: 0000000000000000000000000000000000000000000000000000000000000000
2026-08-04 10:21:04 0 [Note] InnoDB: 0000000000000000000000000000000000000000000000000000000000000000
2026-08-04 10:21:04 0 [Note] InnoDB: 0000000000000000000000000000000000000000000000000000000000000000
2026-08-04 10:21:04 0 [Note] InnoDB: 0000000000000000000000000000000000000000000000000000000000000000
2026-08-04 10:21:04 0 [Note] InnoDB: 0000000000000000000000000000000000000000000000000000000000000000
2026-08-04 10:21:04 0 [Note] InnoDB: 0000000000000000000000000000000000000000000000000000000000000000
2026-08-04 10:21:04 0 [Note] InnoDB: 0000000000000000000000000000000000000000000000000000000000000000
2026-08-04 10:21:04 0 [Note] InnoDB: 0000000000000000000000000000000000000000000000000000000000000000
2026-08-04 10:21:04 0 [Note] InnoDB: 0000000000000000000000000000000000000000000000000000000000000000
2026-08-04 10:21:04 0 [Note] InnoDB: 0000000000000000000000000000000000000000000000000000000000000000
2026-08-04 10:21:04 0 [Note] InnoDB: 0000000000000000000000000000000000000000000000000000000000000000
2026-08-04 10:21:04 0 [Note] InnoDB: 0000000000000000000000000000000000000000000000000000000000000000
2026-08-04 10:21:04 0 [Note] InnoDB: 0000000000000000000000000000000000000000000000000000000000000000
2026-08-04 10:21:04 0 [Note] InnoDB: 00000000000000000000000000000000000000000005252200000000dd3ca3df
2026-08-04 10:21:04 0 [Note] InnoDB: 0000000000000000000000000000000000000000000000000000000000000000
2026-08-04 10:21:04 0 [Note] InnoDB: 0000000000000000000000000000000000000000000000000000000000000000
2026-08-04 10:21:04 0 [Note] InnoDB: 0000000000000000000000000000000000000000000000000000000000000000
2026-08-04 10:21:04 0 [Note] InnoDB: 0000000000000000000000000000000000000000000000000000000000000000
2026-08-04 10:21:04 0 [Note] InnoDB: 0000000000000000000000000000000000000000000000000000000000000000
2026-08-04 10:21:04 0 [Note] InnoDB: 0000000000000000000000000000000000000000000000000000000000000000
2026-08-04 10:21:04 0 [Note] InnoDB: 0000000000000000000000000000000000000000000000000000000000000000
2026-08-04 10:21:04 0 [Note] InnoDB: 0000000000000000000000000000000000000000000000000000000000000000
2026-08-04 10:21:04 0 [Note] InnoDB: 0000000000000000000000000000000000000000000000000000000000000000
2026-08-04 10:21:04 0 [Note] InnoDB: 0000000000000000000000000000000000000000000000000000000000000000
2026-08-04 10:21:04 0 [Note] InnoDB: 0000000000000000000000000000000000000000000000000000000000000000
2026-08-04 10:21:04 0 [Note] InnoDB: 0000000000000000000000000000000000000000000000000000000000000000
2026-08-04 10:21:04 0 [Note] InnoDB: 0000000000000000000000000000000000000000000000000000000000000000
2026-08-04 10:21:04 0 [Note] InnoDB: 0000000000000000000000000000000000000000000000000000000000000000
2026-08-04 10:21:04 0 [Note] InnoDB: 0000000000000000000000000000000000000000000000000000000000000000
2026-08-04 10:21:04 0 [Note] InnoDB: 0000000000000000000000000000000000000000000000000000000000000000
2026-08-04 10:21:04 0 [Note] InnoDB: 0000000000000000000000000000000000000000000000000000000000000000
2026-08-04 10:21:04 0 [Note] InnoDB: 0000000000000000000000000000000000000000000000000000000000000000
2026-08-04 10:21:04 0 [Note] InnoDB: 0000000000000000000000000000000000000000000000000000000000000000
2026-08-04 10:21:04 0 [Note] InnoDB: 0000000000000000000000000000000000000000000000000000000000000000
2026-08-04 10:21:04 0 [Note] InnoDB: 0000000000000000000000000000000000000000000000000000000000000000
2026-08-04 10:21:04 0 [Note] InnoDB: 0000000000000000000000000000000000000000000000000000000000000000
2026-08-04 10:21:04 0 [Note] InnoDB: 0000000000000000000000000000000000000000000000000000000000000000
2026-08-04 10:21:04 0 [Note] InnoDB: 0000000000000000000000000000000000000000000000000000000000000000
2026-08-04 10:21:04 0 [Note] InnoDB: 0000000000000000000000000000000000000000000000000000000000000000
2026-08-04 10:21:04 0 [Note] InnoDB: 0000000000000000000000000000000000000000000000000000000000000000
2026-08-04 10:21:04 0 [Note] InnoDB: 0000000000000000000000000000000000000000000000000000000000000000
2026-08-04 10:21:04 0 [Note] InnoDB: 0000000000000000000000000000000000000000000000000000000000000000
2026-08-04 10:21:04 0 [Note] InnoDB: 0000000000000000000000000000000000000000000000000000000000000000
2026-08-04 10:21:04 0 [Note] InnoDB: 0000000000000000000000000000000000000000000000000000000000000000
2026-08-04 10:21:04 0 [Note] InnoDB: 0000000000000000000000000000000000000000000000000000000000000000
2026-08-04 10:21:04 0 [Note] InnoDB: 0000000000000000000000000000000000000000000000000000000000000000
2026-08-04 10:21:04 0 [Note] InnoDB: 0000000000000000000000000000000000000000000000000000000000000000
2026-08-04 10:21:04 0 [Note] Server socket created on IP: '::'.
2026-08-04 10:21:04 0 [Note] InnoDB: 0000000000000000000000000000000000000000000000000000000000000000
2026-08-04 10:21:30 0 [Note] Starting MariaDB 10.4.32-MariaDB source revision c4143f909528e3fab0677a28631d10389354c491 as process 12968
2026-08-04 10:21:30 0 [Note] InnoDB: Mutexes and rw_locks use Windows interlocked functions
2026-08-04 10:21:30 0 [Note] InnoDB: Uses event mutexes
2026-08-04 10:21:30 0 [Note] InnoDB: Compressed tables use zlib 1.3
2026-08-04 10:21:30 0 [Note] InnoDB: Number of pools: 1
2026-08-04 10:21:30 0 [Note] InnoDB: Using SSE2 crc32 instructions
2026-08-04 10:21:30 0 [Note] InnoDB: Initializing buffer pool, total size = 16M, instances = 1, chunk size = 16M
2026-08-04 10:21:30 0 [Note] InnoDB: Completed initialization of buffer pool
2026-08-04 10:21:30 0 [Note] InnoDB: Starting crash recovery from checkpoint LSN=337168
2026-08-04 10:21:30 0 [Note] InnoDB: 128 out of 128 rollback segments are active.
2026-08-04 10:21:30 0 [Note] InnoDB: Removed temporary tablespace data file: "ibtmp1"
2026-08-04 10:21:30 0 [Note] InnoDB: Creating shared tablespace for temporary tables
2026-08-04 10:21:30 0 [Note] InnoDB: Setting file 'D:\xampp\mysql\data\ibtmp1' size to 12 MB. Physically writing the file full; Please wait ...
2026-08-04 10:21:30 0 [Note] InnoDB: File 'D:\xampp\mysql\data\ibtmp1' size is now 12 MB.
2026-08-04 10:21:30 0 [Note] InnoDB: Waiting for purge to start
2026-08-04 10:21:30 0 [Note] InnoDB: 10.4.32 started; log sequence number 337177; transaction id 289
2026-08-04 10:21:30 0 [Note] InnoDB: Loading buffer pool(s) from D:\xampp\mysql\data\ib_buffer_pool
2026-08-04 10:21:30 0 [Note] Plugin 'FEEDBACK' is disabled.
2026-08-04 10:21:30 0 [Note] Server socket created on IP: '::'.
2026-08-04 10:21:44 0 [Note] Starting MariaDB 10.4.32-MariaDB source revision c4143f909528e3fab0677a28631d10389354c491 as process 12988
2026-08-04 10:21:44 0 [Note] InnoDB: Mutexes and rw_locks use Windows interlocked functions
2026-08-04 10:21:44 0 [Note] InnoDB: Uses event mutexes
2026-08-04 10:21:44 0 [Note] InnoDB: Compressed tables use zlib 1.3
2026-08-04 10:21:44 0 [Note] InnoDB: Number of pools: 1
2026-08-04 10:21:44 0 [Note] InnoDB: Using SSE2 crc32 instructions
2026-08-04 10:21:44 0 [Note] InnoDB: Initializing buffer pool, total size = 16M, instances = 1, chunk size = 16M
2026-08-04 10:21:44 0 [Note] InnoDB: Completed initialization of buffer pool
2026-08-04 10:21:44 0 [Note] InnoDB: Starting crash recovery from checkpoint LSN=337168
2026-08-04 10:21:44 0 [Note] InnoDB: 128 out of 128 rollback segments are active.
2026-08-04 10:21:44 0 [Note] InnoDB: Removed temporary tablespace data file: "ibtmp1"
2026-08-04 10:21:44 0 [Note] InnoDB: Creating shared tablespace for temporary tables
2026-08-04 10:21:44 0 [Note] InnoDB: Setting file 'D:\xampp\mysql\data\ibtmp1' size to 12 MB. Physically writing the file full; Please wait ...
2026-08-04 10:21:44 0 [Note] InnoDB: File 'D:\xampp\mysql\data\ibtmp1' size is now 12 MB.
2026-08-04 10:21:44 0 [Note] InnoDB: Waiting for purge to start
2026-08-04 10:21:45 0 [Note] InnoDB: 10.4.32 started; log sequence number 337177; transaction id 289
2026-08-04 10:21:45 0 [Note] InnoDB: Loading buffer pool(s) from D:\xampp\mysql\data\ib_buffer_pool
2026-08-04 10:21:45 0 [Note] Plugin 'FEEDBACK' is disabled.
2026-08-04 10:21:45 0 [Note] Server socket created on IP: '::'.
2026-08-04 10:22:13 0 [Note] Starting MariaDB 10.4.32-MariaDB source revision c4143f909528e3fab0677a28631d10389354c491 as process 9584
2026-08-04 10:22:13 0 [Note] InnoDB: Mutexes and rw_locks use Windows interlocked functions
2026-08-04 10:22:13 0 [Note] InnoDB: Uses event mutexes
2026-08-04 10:22:13 0 [Note] InnoDB: Compressed tables use zlib 1.3
2026-08-04 10:22:13 0 [Note] InnoDB: Number of pools: 1
2026-08-04 10:22:13 0 [Note] InnoDB: Using SSE2 crc32 instructions
2026-08-04 10:22:13 0 [Note] InnoDB: Initializing buffer pool, total size = 16M, instances = 1, chunk size = 16M
2026-08-04 10:22:13 0 [Note] InnoDB: Completed initialization of buffer pool
2026-08-04 10:22:13 0 [Note] InnoDB: Starting crash recovery from checkpoint LSN=337168
2026-08-04 10:22:13 0 [Note] InnoDB: 128 out of 128 rollback segments are active.
2026-08-04 10:22:13 0 [Note] InnoDB: Removed temporary tablespace data file: "ibtmp1"
2026-08-04 10:22:13 0 [Note] InnoDB: Creating shared tablespace for temporary tables
2026-08-04 10:22:13 0 [Note] InnoDB: Setting file 'D:\xampp\mysql\data\ibtmp1' size to 12 MB. Physically writing the file full; Please wait ...
2026-08-04 10:22:13 0 [Note] InnoDB: File 'D:\xampp\mysql\data\ibtmp1' size is now 12 MB.
2026-08-04 10:22:13 0 [Note] InnoDB: Waiting for purge to start
2026-08-04 10:22:13 0 [Note] InnoDB: 10.4.32 started; log sequence number 337186; transaction id 289
2026-08-04 10:22:13 0 [Note] InnoDB: Loading buffer pool(s) from D:\xampp\mysql\data\ib_buffer_pool
2026-08-04 10:22:13 0 [Note] Plugin 'FEEDBACK' is disabled.
2026-08-04 10:22:13 0 [Note] Server socket created on IP: '::'.
2026-08-04 10:23:06 0 [Note] Starting MariaDB 10.4.32-MariaDB source revision c4143f909528e3fab0677a28631d10389354c491 as process 6564
2026-08-04 10:23:07 0 [Note] InnoDB: Mutexes and rw_locks use Windows interlocked functions
2026-08-04 10:23:07 0 [Note] InnoDB: Uses event mutexes
2026-08-04 10:23:07 0 [Note] InnoDB: Compressed tables use zlib 1.3
2026-08-04 10:23:07 0 [Note] InnoDB: Number of pools: 1
2026-08-04 10:23:07 0 [Note] InnoDB: Using SSE2 crc32 instructions
2026-08-04 10:23:07 0 [Note] InnoDB: Initializing buffer pool, total size = 16M, instances = 1, chunk size = 16M
2026-08-04 10:23:07 0 [Note] InnoDB: Completed initialization of buffer pool
2026-08-04 10:23:07 0 [Note] InnoDB: Starting crash recovery from checkpoint LSN=337195
2026-08-04 10:23:07 0 [Note] InnoDB: 128 out of 128 rollback segments are active.
2026-08-04 10:23:07 0 [Note] InnoDB: Removed temporary tablespace data file: "ibtmp1"
2026-08-04 10:23:07 0 [Note] InnoDB: Creating shared tablespace for temporary tables
2026-08-04 10:23:07 0 [Note] InnoDB: Setting file 'D:\xampp\mysql\data\ibtmp1' size to 12 MB. Physically writing the file full; Please wait ...
2026-08-04 10:23:07 0 [Note] InnoDB: File 'D:\xampp\mysql\data\ibtmp1' size is now 12 MB.
2026-08-04 10:23:07 0 [Note] InnoDB: Waiting for purge to start
2026-08-04 10:23:07 0 [Note] InnoDB: 10.4.32 started; log sequence number 337204; transaction id 289
2026-08-04 10:23:07 0 [Note] InnoDB: Loading buffer pool(s) from D:\xampp\mysql\data\ib_buffer_pool
2026-08-04 10:23:07 0 [Note] Plugin 'FEEDBACK' is disabled.
2026-08-04 10:23:07 0 [Note] Server socket created on IP: '::'.
2026-08-04 10:23:16 0 [Note] Starting MariaDB 10.4.32-MariaDB source revision c4143f909528e3fab0677a28631d10389354c491 as process 14576
2026-08-04 10:23:16 0 [Note] InnoDB: Mutexes and rw_locks use Windows interlocked functions
2026-08-04 10:23:16 0 [Note] InnoDB: Uses event mutexes
2026-08-04 10:23:16 0 [Note] InnoDB: Compressed tables use zlib 1.3
2026-08-04 10:23:16 0 [Note] InnoDB: Number of pools: 1
2026-08-04 10:23:16 0 [Note] InnoDB: Using SSE2 crc32 instructions
2026-08-04 10:23:16 0 [Note] InnoDB: Initializing buffer pool, total size = 16M, instances = 1, chunk size = 16M
2026-08-04 10:23:16 0 [Note] InnoDB: Completed initialization of buffer pool
2026-08-04 10:23:16 0 [Note] InnoDB: Starting crash recovery from checkpoint LSN=337195
2026-08-04 10:23:16 0 [Note] InnoDB: 128 out of 128 rollback segments are active.
2026-08-04 10:23:16 0 [Note] InnoDB: Removed temporary tablespace data file: "ibtmp1"
2026-08-04 10:23:16 0 [Note] InnoDB: Creating shared tablespace for temporary tables
2026-08-04 10:23:16 0 [Note] InnoDB: Setting file 'D:\xampp\mysql\data\ibtmp1' size to 12 MB. Physically writing the file full; Please wait ...
2026-08-04 10:23:16 0 [Note] InnoDB: File 'D:\xampp\mysql\data\ibtmp1' size is now 12 MB.
2026-08-04 10:23:16 0 [Note] InnoDB: Waiting for purge to start
2026-08-04 10:23:16 0 [Note] InnoDB: 10.4.32 started; log sequence number 337204; transaction id 289
2026-08-04 10:23:16 0 [Note] InnoDB: Loading buffer pool(s) from D:\xampp\mysql\data\ib_buffer_pool
2026-08-04 10:23:16 0 [Note] Plugin 'FEEDBACK' is disabled.
2026-08-04 10:23:16 0 [Note] Server socket created on IP: '::'.
2026-09-09 16:38:33 0 [Note] Starting MariaDB 10.4.32-MariaDB source revision c4143f909528e3fab0677a28631d10389354c491 as process 956
2026-09-09 16:38:33 0 [Note] InnoDB: Mutexes and rw_locks use Windows interlocked functions
2026-09-09 16:38:33 0 [Note] InnoDB: Uses event mutexes
2026-09-09 16:38:33 0 [Note] InnoDB: Compressed tables use zlib 1.3
2026-09-09 16:38:33 0 [Note] InnoDB: Number of pools: 1
2026-09-09 16:38:33 0 [Note] InnoDB: Using SSE2 crc32 instructions
2026-09-09 16:38:33 0 [Note] InnoDB: Initializing buffer pool, total size = 16M, instances = 1, chunk size = 16M
2026-09-09 16:38:33 0 [Note] InnoDB: Completed initialization of buffer pool
2026-09-09 16:38:33 0 [Note] InnoDB: Starting crash recovery from checkpoint LSN=337213
2026-09-09 16:38:33 0 [Note] InnoDB: 128 out of 128 rollback segments are active.
2026-09-09 16:38:33 0 [Note] InnoDB: Removed temporary tablespace data file: "ibtmp1"
2026-09-09 16:38:33 0 [Note] InnoDB: Creating shared tablespace for temporary tables
2026-09-09 16:38:33 0 [Note] InnoDB: Setting file 'D:\xampp\mysql\data\ibtmp1' size to 12 MB. Physically writing the file full; Please wait ...
2026-09-09 16:38:33 0 [Note] InnoDB: File 'D:\xampp\mysql\data\ibtmp1' size is now 12 MB.
2026-09-09 16:38:33 0 [Note] InnoDB: Waiting for purge to start
2026-09-09 16:38:33 0 [Note] InnoDB: 10.4.32 started; log sequence number 337222; transaction id 289
2026-09-09 16:38:33 0 [Note] InnoDB: Loading buffer pool(s) from D:\xampp\mysql\data\ib_buffer_pool
2026-09-09 16:38:33 0 [Note] Plugin 'FEEDBACK' is disabled.
2026-09-09 16:38:33 0 [ERROR] InnoDB: Database page corruption on disk or a failed file read of tablespace mysql/gtid_slave_pos page [page id: space=4, page number=0]. You may have to recover from a backup.
2026-09-09 16:38:33 0 [Note] InnoDB: Page dump (16384 bytes):
2026-09-09 16:38:33 0 [Note] InnoDB: 8ac7668300000000000000000000000000000000000215f90008000000000000
2026-09-09 16:38:33 0 [Note] InnoDB: 0000000000040000000400000000000000060000004000000021000000040000
2026-09-09 16:38:33 0 [Note] InnoDB: 0000ffffffff0000ffffffff00000000000100000000009e00000000009e0000
2026-09-09 16:38:33 0 [Note] InnoDB: 0000ffffffff0000ffffffff0000000000000000000300000000ffffffff0000
2026-09-09 16:38:33 0 [Note] InnoDB: ffffffff0000000000010000000200260000000200260000000000000000ffff
2026-09-09 16:38:33 0 [Note] InnoDB: ffff0000ffffffff000000000002aaffffffffffffffffffffffffffffff0000
2026-09-09 16:38:33 0 [Note] InnoDB: 0000000000000000000000000000000000000000000000000000000000000000
2026-09-09 16:38:33 0 [Note] InnoDB: 0000000000000000000000000000000000000000000000000000000000000000
2026-09-09 16:38:33 0 [Note] InnoDB: 0000000000000000000000000000000000000000000000000000000000000000
2026-09-09 16:38:33 0 [Note] InnoDB: 0000000000000000000000000000000000000000000000000000000000000000
2026-09-09 16:38:33 0 [Note] InnoDB: 0000000000000000000000000000000000000000000000000000000000000000
2026-09-09 16:38:33 0 [Note] InnoDB: 0000000000000000000000000000000000000000000000000000000000000000
2026-09-09 16:38:33 0 [Note] InnoDB: 0000000000000000000000000000000000000000000000000000000000000000
2026-09-09 16:38:33 0 [Note] InnoDB: 0000000000000000000000000000000000000000000000000000000000000000
2026-09-09 16:38:33 0 [Note] InnoDB: 0000000000000000000000000000000000000000000000000000000000000000
2026-09-09 16:38:33 0 [Note] InnoDB: 0000000000000000000000000000000000000000000000000000000000000000
2026-09-09 16:38:33 0 [Note] InnoDB: 0000000000000048000000000005252200000000000309220000000000800000
2026-09-09 16:38:33 0 [Note] InnoDB: 0000000000000000000000000000000000000000000000000000000000000000
2026-09-09 16:38:33 0 [Note] InnoDB: 0000000000000000000000000000000000000000000000000000000000000000
2026-09-09 16:38:33 0 [Note] InnoDB: 0000000000000000000000000000000000000000000000000000000000000000
2026-09-09 16:38:33 0 [Note] InnoDB: 0000000000000000000000000000000000000000000000000000000000000000
2026-09-09 16:38:33 0 [Note] InnoDB: 0000000000000000000000000000000000000000000000000000000000000000
2026-09-09 16:38:33 0 [Note] InnoDB: 0000000000000000000000000000000000000000000000000000000000000000
2026-09-09 16:38:33 0 [Note] InnoDB: 0000000000000000000000000000000000000000000000000000000000000000
2026-09-09 16:38:33 0 [Note] InnoDB: 0000000000000000000000000000000000000000000000000000000000000000
2026-09-09 16:38:33 0 [Note] InnoDB: 0000000000000000000000000000000000000000000000000000000000000000
2026-09-09 16:38:33 0 [Note] InnoDB: 0000000000000000000000000000000000000000000000000000000000000000
2026-09-09 16:38:33 0 [Note] InnoDB: 0000000000000000000000000000000000000000000000000000000000000000
2026-09-09 16:38:33 0 [Note] InnoDB: 0000000000000000000000000000000000000000000000000000000000000000
2026-09-09 16:38:33 0 [Note] InnoDB: 0000000000000000000000000000000000000000000000000000000000000000
2026-09-09 16:38:33 0 [Note] InnoDB: 0000000000000000000000000000000000000000000000000000000000000000
2026-09-09 16:38:33 0 [Note] InnoDB: 00000000000000000000000000000000000000000005252200000000dd3ca3df
2026-09-09 16:38:33 0 [Note] InnoDB: 0000000000000000000000000000000000000000000000000000000000000000
2026-09-09 16:38:33 0 [Note] InnoDB: 0000000000000000000000000000000000000000000000000000000000000000
2026-09-09 16:38:33 0 [Note] InnoDB: 0000000000000000000000000000000000000000000000000000000000000000
2026-09-09 16:38:33 0 [Note] InnoDB: 0000000000000000000000000000000000000000000000000000000000000000
2026-09-09 16:38:33 0 [Note] InnoDB: 0000000000000000000000000000000000000000000000000000000000000000
2026-09-09 16:38:33 0 [Note] Server socket created on IP: '::'.
2026-09-09 16:38:33 0 [Note] InnoDB: 00000000000000000000000000000000000000000000000000002026-09-09 16:39:12 0 [Note] Starting MariaDB 10.4.32-MariaDB source revision c4143f909528e3fab0677a28631d10389354c491 as process 11184
2026-09-09 16:39:12 0 [Note] InnoDB: Mutexes and rw_locks use Windows interlocked functions
2026-09-09 16:39:12 0 [Note] InnoDB: Uses event mutexes
2026-09-09 16:39:12 0 [Note] InnoDB: Compressed tables use zlib 1.3
2026-09-09 16:39:12 0 [Note] InnoDB: Number of pools: 1
2026-09-09 16:39:12 0 [Note] InnoDB: Using SSE2 crc32 instructions
2026-09-09 16:39:12 0 [Note] InnoDB: Initializing buffer pool, total size = 16M, instances = 1, chunk size = 16M
2026-09-09 16:39:12 0 [Note] InnoDB: Completed initialization of buffer pool
2026-09-09 16:39:12 0 [Note] InnoDB: Starting crash recovery from checkpoint LSN=337213
2026-09-09 16:39:12 0 [Note] InnoDB: 128 out of 128 rollback segments are active.
2026-09-09 16:39:12 0 [Note] InnoDB: Removed temporary tablespace data file: "ibtmp1"
2026-09-09 16:39:12 0 [Note] InnoDB: Creating shared tablespace for temporary tables
2026-09-09 16:39:12 0 [Note] InnoDB: Setting file 'D:\xampp\mysql\data\ibtmp1' size to 12 MB. Physically writing the file full; Please wait ...
2026-09-09 16:39:12 0 [Note] InnoDB: File 'D:\xampp\mysql\data\ibtmp1' size is now 12 MB.
2026-09-09 16:39:12 0 [Note] InnoDB: Waiting for purge to start
2026-09-09 16:39:12 0 [Note] InnoDB: 10.4.32 started; log sequence number 337231; transaction id 289
2026-09-09 16:39:12 0 [Note] InnoDB: Loading buffer pool(s) from D:\xampp\mysql\data\ib_buffer_pool
2026-09-09 16:39:12 0 [Note] Plugin 'FEEDBACK' is disabled.
2026-09-09 16:39:12 0 [Note] Server socket created on IP: '::'.
2026-09-15 11:06:47 0 [Note] Starting MariaDB 10.4.32-MariaDB source revision c4143f909528e3fab0677a28631d10389354c491 as process 20952
2026-09-15 11:06:47 0 [Note] InnoDB: Mutexes and rw_locks use Windows interlocked functions
2026-09-15 11:06:47 0 [Note] InnoDB: Uses event mutexes
2026-09-15 11:06:47 0 [Note] InnoDB: Compressed tables use zlib 1.3
2026-09-15 11:06:47 0 [Note] InnoDB: Number of pools: 1
2026-09-15 11:06:47 0 [Note] InnoDB: Using SSE2 crc32 instructions
2026-09-15 11:06:47 0 [Note] InnoDB: Initializing buffer pool, total size = 16M, instances = 1, chunk size = 16M
2026-09-15 11:06:47 0 [Note] InnoDB: Completed initialization of buffer pool
2026-09-15 11:06:47 0 [Note] InnoDB: Starting crash recovery from checkpoint LSN=337240
2026-09-15 11:06:47 0 [Note] InnoDB: 128 out of 128 rollback segments are active.
2026-09-15 11:06:47 0 [Note] InnoDB: Removed temporary tablespace data file: "ibtmp1"
2026-09-15 11:06:47 0 [Note] InnoDB: Creating shared tablespace for temporary tables
2026-09-15 11:06:47 0 [Note] InnoDB: Setting file 'D:\xampp\mysql\data\ibtmp1' size to 12 MB. Physically writing the file full; Please wait ...
2026-09-15 11:06:47 0 [Note] InnoDB: File 'D:\xampp\mysql\data\ibtmp1' size is now 12 MB.
2026-09-15 11:06:47 0 [Note] InnoDB: Waiting for purge to start
2026-09-15 11:06:47 0 [Note] InnoDB: 10.4.32 started; log sequence number 337249; transaction id 289
2026-09-15 11:06:47 0 [Note] InnoDB: Loading buffer pool(s) from D:\xampp\mysql\data\ib_buffer_pool
2026-09-15 11:06:47 0 [Note] Plugin 'FEEDBACK' is disabled.
2026-09-15 11:06:47 0 [ERROR] InnoDB: Database page corruption on disk or a failed file read of tablespace mysql/gtid_slave_pos page [page id: space=4, page number=0]. You may have to recover from a backup.
2026-09-15 11:06:47 0 [Note] InnoDB: Page dump (16384 bytes):
2026-09-15 11:06:47 0 [Note] InnoDB: 8ac7668300000000000000000000000000000000000215f90008000000000000
2026-09-15 11:06:47 0 [Note] InnoDB: 0000000000040000000400000000000000060000004000000021000000040000
2026-09-15 11:06:47 0 [Note] InnoDB: 0000ffffffff0000ffffffff00000000000100000000009e00000000009e0000
2026-09-15 11:06:47 0 [Note] InnoDB: 0000ffffffff0000ffffffff0000000000000000000300000000ffffffff0000
2026-09-15 11:06:47 0 [Note] InnoDB: ffffffff0000000000010000000200260000000200260000000000000000ffff
2026-09-15 11:06:47 0 [Note] InnoDB: ffff0000ffffffff000000000002aaffffffffffffffffffffffffffffff0000
2026-09-15 11:06:47 0 [Note] InnoDB: 0000000000000000000000000000000000000000000000000000000000000000
2026-09-15 11:06:47 0 [Note] InnoDB: 0000000000000000000000000000000000000000000000000000000000000000
2026-09-15 11:06:47 0 [Note] InnoDB: 0000000000000000000000000000000000000000000000000000000000000000
2026-09-15 11:06:47 0 [Note] InnoDB: 0000000000000000000000000000000000000000000000000000000000000000
2026-09-15 11:06:47 0 [Note] InnoDB: 0000000000000000000000000000000000000000000000000000000000000000
2026-09-15 11:06:47 0 [Note] InnoDB: 0000000000000000000000000000000000000000000000000000000000000000
2026-09-15 11:06:47 0 [Note] InnoDB: 0000000000000000000000000000000000000000000000000000000000000000
2026-09-15 11:06:47 0 [Note] InnoDB: 0000000000000000000000000000000000000000000000000000000000000000
2026-09-15 11:06:47 0 [Note] InnoDB: 0000000000000000000000000000000000000000000000000000000000000000
2026-09-15 11:06:47 0 [Note] InnoDB: 0000000000000000000000000000000000000000000000000000000000000000
2026-09-15 11:06:47 0 [Note] InnoDB: 0000000000000048000000000005252200000000000309220000000000800000
2026-09-15 11:06:47 0 [Note] InnoDB: 0000000000000000000000000000000000000000000000000000000000000000
2026-09-15 11:06:47 0 [Note] InnoDB: 0000000000000000000000000000000000000000000000000000000000000000
2026-09-15 11:06:47 0 [Note] InnoDB: 0000000000000000000000000000000000000000000000000000000000000000
2026-09-15 11:06:47 0 [Note] InnoDB: 0000000000000000000000000000000000000000000000000000000000000000
2026-09-15 11:06:47 0 [Note] InnoDB: 0000000000000000000000000000000000000000000000000000000000000000
2026-09-15 11:06:47 0 [Note] InnoDB: 0000000000000000000000000000000000000000000000000000000000000000
2026-09-15 11:06:47 0 [Note] InnoDB: 0000000000000000000000000000000000000000000000000000000000000000
2026-09-15 11:06:47 0 [Note] InnoDB: 0000000000000000000000000000000000000000000000000000000000000000
2026-09-15 11:06:47 0 [Note] InnoDB: 0000000000000000000000000000000000000000000000000000000000000000
2026-09-15 11:06:47 0 [Note] InnoDB: 0000000000000000000000000000000000000000000000000000000000000000
2026-09-15 11:06:47 0 [Note] InnoDB: 0000000000000000000000000000000000000000000000000000000000000000
2026-09-15 11:06:47 0 [Note] InnoDB: 0000000000000000000000000000000000000000000000000000000000000000
2026-09-15 11:06:47 0 [Note] InnoDB: 0000000000000000000000000000000000000000000000000000000000000000
2026-09-15 11:06:47 0 [Note] InnoDB: 0000000000000000000000000000000000000000000000000000000000000000
2026-09-15 11:06:47 0 [Note] InnoDB: 00000000000000000000000000000000000000000005252200000000dd3ca3df
2026-09-15 11:06:47 0 [Note] InnoDB: 0000000000000000000000000000000000000000000000000000000000000000
2026-09-15 11:06:47 0 [Note] InnoDB: 0000000000000000000000000000000000000000000000000000000000000000
2026-09-15 11:06:47 0 [Note] InnoDB: 0000000000000000000000000000000000000000000000000000000000000000
2026-09-15 11:06:47 0 [Note] InnoDB: 0000000000000000000000000000000000000000000000000000000000000000
2026-09-15 11:06:47 0 [Note] InnoDB: 0000000000000000000000000000000000000000000000000000000000000000
2026-09-15 11:06:47 0 [Note] InnoDB: 0000000000000000000000000000000000000000000000000000000000000000
2026-09-15 11:06:47 0 [Note] InnoDB: 0000000000000000000000000000000000000000000000000000000000000000
2026-09-15 11:06:47 0 [Note] InnoDB: 0000000000000000000000000000000000000000000000000000000000000000
2026-09-15 11:06:47 0 [Note] InnoDB: 0000000000000000000000000000000000000000000000000000000000000000
2026-09-15 11:06:47 0 [Note] InnoDB: 0000000000000000000000000000000000000000000000000000000000000000
2026-09-15 11:06:47 0 [Note] InnoDB: 0000000000000000000000000000000000000000000000000000000000000000
2026-09-15 11:06:47 0 [Note] InnoDB: 0000000000000000000000000000000000000000000000000000000000000000
2026-09-15 11:06:47 0 [Note] InnoDB: 0000000000000000000000000000000000000000000000000000000000000000
2026-09-15 11:06:47 0 [Note] InnoDB: 0000000000000000000000000000000000000000000000000000000000000000
2026-09-15 11:06:47 0 [Note] InnoDB: 0000000000000000000000000000000000000000000000000000000000000000
2026-09-15 11:06:47 0 [Note] InnoDB: 0000000000000000000000000000000000000000000000000000000000000000
2026-09-15 11:06:47 0 [Note] InnoDB: 0000000000000000000000000000000000000000000000000000000000000000
2026-09-15 11:06:47 0 [Note] InnoDB: 0000000000000000000000000000000000000000000000000000000000000000
2026-09-15 11:06:47 0 [Note] InnoDB: 0000000000000000000000000000000000000000000000000000000000000000
2026-09-15 11:06:47 0 [Note] InnoDB: 0000000000000000000000000000000000000000000000000000000000000000
2026-09-15 11:06:47 0 [Note] InnoDB: 0000000000000000000000000000000000000000000000000000000000000000
2026-09-15 11:06:47 0 [Note] InnoDB: 0000000000000000000000000000000000000000000000000000000000000000
2026-09-15 11:06:47 0 [Note] InnoDB: 0000000000000000000000000000000000000000000000000000000000000000
2026-09-15 11:06:47 0 [Note] InnoDB: 0000000000000000000000000000000000000000000000000000000000000000
2026-09-15 11:06:47 0 [Note] InnoDB: 0000000000000000000000000000000000000000000000000000000000000000
2026-09-15 11:06:47 0 [Note] InnoDB: 0000000000000000000000000000000000000000000000000000000000000000
2026-09-15 11:06:47 0 [Note] InnoDB: 0000000000000000000000000000000000000000000000000000000000000000
2026-09-15 11:06:47 0 [Note] InnoDB: 0000000000000000000000000000000000000000000000000000000000000000
2026-09-15 11:06:47 0 [Note] InnoDB: 0000000000000000000000000000000000000000000000000000000000000000
2026-09-15 11:06:47 0 [Note] InnoDB: 0000000000000000000000000000000000000000000000000000000000000000
2026-09-15 11:06:47 0 [Note] InnoDB: 0000000000000000000000000000000000000000000000000000000000000000
2026-09-15 11:06:47 0 [Note] InnoDB: 0000000000000000000000000000000000000000000000000000000000000000
2026-09-15 11:06:47 0 [Note] InnoDB: 0000000000000000000000000000000000000000000000000000000000000000
2026-09-15 11:06:47 0 [Note] InnoDB: 0000000000000000000000000000000000000000000000000000000000000000
2026-09-15 11:06:47 0 [Note] InnoDB: 0000000000000000000000000000000000000000000000000000000000000000
2026-09-15 11:06:47 0 [Note] InnoDB: 0000000000000000000000000000000000000000000000000000000000000000
2026-09-15 11:06:47 0 [Note] InnoDB: 0000000000000000000000000000000000000000000000000000000000000000
2026-09-15 11:06:47 0 [Note] InnoDB: 0000000000000000000000000000000000000000000000000000000000000000
2026-09-15 11:06:47 0 [Note] InnoDB: 0000000000000000000000000000000000000000000000000000000000000000
2026-09-15 11:06:47 0 [Note] InnoDB: 0000000000000000000000000000000000000000000000000000000000000000
2026-09-15 11:06:47 0 [Note] InnoDB: 0000000000000000000000000000000000000000000000000000000000000000
2026-09-15 11:06:47 0 [Note] InnoDB: 0000000000000000000000000000000000000000000000000000000000000000
2026-09-15 11:06:47 0 [Note] Server socket created on IP: '::'.
2026-09-15 11:06:47 0 [Note] InnoDB: 0000000000000000000000000000000000000000000000000000000000000000
2026-09-15 12026-09-15 11:06:49 0 [Note] Starting MariaDB 10.4.32-MariaDB source revision c4143f909528e3fab0677a28631d10389354c491 as process 21908
2026-09-15 11:06:49 0 [Note] InnoDB: Mutexes and rw_locks use Windows interlocked functions
2026-09-15 11:06:49 0 [Note] InnoDB: Uses event mutexes
2026-09-15 11:06:49 0 [Note] InnoDB: Compressed tables use zlib 1.3
2026-09-15 11:06:49 0 [Note] InnoDB: Number of pools: 1
2026-09-15 11:06:49 0 [Note] InnoDB: Using SSE2 crc32 instructions
2026-09-15 11:06:49 0 [Note] InnoDB: Initializing buffer pool, total size = 16M, instances = 1, chunk size = 16M
2026-09-15 11:06:49 0 [Note] InnoDB: Completed initialization of buffer pool
2026-09-15 11:06:49 0 [Note] InnoDB: Starting crash recovery from checkpoint LSN=337240
2026-09-15 11:06:50 0 [Note] InnoDB: 128 out of 128 rollback segments are active.
2026-09-15 11:06:50 0 [Note] InnoDB: Removed temporary tablespace data file: "ibtmp1"
2026-09-15 11:06:50 0 [Note] InnoDB: Creating shared tablespace for temporary tables
2026-09-15 11:06:50 0 [Note] InnoDB: Setting file 'D:\xampp\mysql\data\ibtmp1' size to 12 MB. Physically writing the file full; Please wait ...
2026-09-15 11:06:50 0 [Note] InnoDB: File 'D:\xampp\mysql\data\ibtmp1' size is now 12 MB.
2026-09-15 11:06:50 0 [Note] InnoDB: Waiting for purge to start
2026-09-15 11:06:50 0 [Note] InnoDB: 10.4.32 started; log sequence number 337249; transaction id 289
2026-09-15 11:06:50 0 [Note] InnoDB: Loading buffer pool(s) from D:\xampp\mysql\data\ib_buffer_pool
2026-09-15 11:06:50 0 [Note] Plugin 'FEEDBACK' is disabled.
2026-09-15 11:06:50 0 [Note] Server socket created on IP: '::'.
2026-09-15 11:07:26 0 [Note] Starting MariaDB 10.4.32-MariaDB source revision c4143f909528e3fab0677a28631d10389354c491 as process 7472
2026-09-15 11:07:26 0 [Note] InnoDB: Mutexes and rw_locks use Windows interlocked functions
2026-09-15 11:07:26 0 [Note] InnoDB: Uses event mutexes
2026-09-15 11:07:26 0 [Note] InnoDB: Compressed tables use zlib 1.3
2026-09-15 11:07:26 0 [Note] InnoDB: Number of pools: 1
2026-09-15 11:07:26 0 [Note] InnoDB: Using SSE2 crc32 instructions
2026-09-15 11:07:26 0 [Note] InnoDB: Initializing buffer pool, total size = 16M, instances = 1, chunk size = 16M
2026-09-15 11:07:26 0 [Note] InnoDB: Completed initialization of buffer pool
2026-09-15 11:07:26 0 [Note] InnoDB: Starting crash recovery from checkpoint LSN=337240
2026-09-15 11:07:26 0 [Note] InnoDB: 128 out of 128 rollback segments are active.
2026-09-15 11:07:26 0 [Note] InnoDB: Removed temporary tablespace data file: "ibtmp1"
2026-09-15 11:07:26 0 [Note] InnoDB: Creating shared tablespace for temporary tables
2026-09-15 11:07:26 0 [Note] InnoDB: Setting file 'D:\xampp\mysql\data\ibtmp1' size to 12 MB. Physically writing the file full; Please wait ...
2026-09-15 11:07:26 0 [Note] InnoDB: File 'D:\xampp\mysql\data\ibtmp1' size is now 12 MB.
2026-09-15 11:07:26 0 [Note] InnoDB: Waiting for purge to start
2026-09-15 11:07:26 0 [Note] InnoDB: 10.4.32 started; log sequence number 337258; transaction id 289
2026-09-15 11:07:26 0 [Note] InnoDB: Loading buffer pool(s) from D:\xampp\mysql\data\ib_buffer_pool
2026-09-15 11:07:26 0 [Note] Plugin 'FEEDBACK' is disabled.
2026-09-15 11:07:26 0 [Note] Server socket created on IP: '::'.
